3
-1
2
50
99
0
1
99
1
0
99
1
0
99
1
1
0
99
0
1
99
0
1
1
